// Jest Snapshot v1, https://goo.gl/fbAQLP

exports[`Pruebas en <FirstApp /> Debe coincidir con el snapshot 1`] = `
<div>
  <h1>
    Titulo de prueba
  </h1>
  <h2>
    Subtitulo por defecto
  </h2>
  <p>
    Nombre por defecto
     
  </p>
</div>
`;
